------------------------------------------------------------
TimeQuest Timing Analyzer Summary
------------------------------------------------------------

Type  : Slow 1100mV 85C Model Setup 'CLOCK_50'
Slack : -5.567
TNS   : -306.831

Type  : Slow 1100mV 85C Model Hold 'CLOCK_50'
Slack : 0.371
TNS   : 0.000

Type  : Slow 1100mV 85C Model Minimum Pulse Width 'CLOCK_50'
Slack : -0.538
TNS   : -57.410

Type  : Slow 1100mV 0C Model Setup 'CLOCK_50'
Slack : -5.761
TNS   : -304.882

Type  : Slow 1100mV 0C Model Hold 'CLOCK_50'
Slack : 0.345
TNS   : 0.000

Type  : Slow 1100mV 0C Model Minimum Pulse Width 'CLOCK_50'
Slack : -0.538
TNS   : -58.301

Type  : Fast 1100mV 85C Model Setup 'CLOCK_50'
Slack : -2.224
TNS   : -124.620

Type  : Fast 1100mV 85C Model Hold 'CLOCK_50'
Slack : 0.181
TNS   : 0.000

Type  : Fast 1100mV 85C Model Minimum Pulse Width 'CLOCK_50'
Slack : -0.101
TNS   : -7.053

Type  : Fast 1100mV 0C Model Setup 'CLOCK_50'
Slack : -1.856
TNS   : -104.083

Type  : Fast 1100mV 0C Model Hold 'CLOCK_50'
Slack : 0.167
TNS   : 0.000

Type  : Fast 1100mV 0C Model Minimum Pulse Width 'CLOCK_50'
Slack : -0.099
TNS   : -7.042

------------------------------------------------------------
